// Jest Snapshot v1, https://goo.gl/fbAQLP

exports[`Probando el boton FabDelete Deberia mostrarse correctamente 1`] = `<div />`;
